// Jest Snapshot v1, https://goo.gl/fbAQLP

exports[`Login O Texto do Bot√£o  ENTRAR 1`] = `
<View
  style={
    Array [
      Object {
        "backgroundColor": "#fff",
        "flex": 1,
        "height": 1334,
      },
      Object {
        "backgroundColor": "#08012a",
      },
    ]
  }
>
  <View>
    <RCTSafeAreaView
      emulateUnlessSupported={true}
      style={
        Object {
          "backgroundColor": "transparent",
        }
      }
    >
      <View
        androidStatusBarColor="transparent"
        style={
          Array [
            Object {
              "backgroundColor": "transparent",
              "borderBottomColor": "transparent",
              "borderBottomWidth": 0.5,
              "elevation": 0,
              "flexDirection": "row",
              "height": 64,
              "justifyContent": "center",
              "left": 0,
              "paddingLeft": 6,
              "paddingRight": 10,
              "paddingTop": undefined,
              "right": 0,
              "shadowColor": null,
              "shadowOffset": null,
              "shadowOpacity": null,
              "shadowRadius": null,
              "top": 0,
            },
            Object {
              "backgroundColor": "transparent",
              "height": 0,
            },
          ]
        }
        transparent={true}
      />
    </RCTSafeAreaView>
  </View>
  <View
    onLayout={[Function]}
    style={
      Array [
        Object {
          "flex": 1,
        },
        Object {
          "paddingBottom": 0,
        },
      ]
    }
  >
    <View
      style={
        Array [
          Object {},
          Object {
            "alignItems": "center",
            "backgroundColor": "transparent",
            "flex": 1,
            "flexDirection": "column",
            "justifyContent": "center",
          },
        ]
      }
    >
      <Image
        source={1}
        style={
          Object {
            "bottom": 100,
            "height": 80,
            "width": 240,
          }
        }
      />
      <View
        style={
          Array [
            Object {},
            Object {
              "alignContent": "center",
              "alignItems": "center",
              "alignSelf": "center",
              "backgroundColor": "#fff",
              "borderRadius": 16,
              "flexDirection": "column",
              "justifyContent": "center",
              "marginBottom": 50,
              "padding": 30,
              "width": "90%",
            },
          ]
        }
      >
        <View
          style={
            Array [
              Object {},
              Object {
                "flexDirection": "row",
                "justifyContent": "space-between",
              },
            ]
          }
        >
          <View
            accessible={true}
            focusable={false}
            forwardedRef={[Function]}
            onClick={[Function]}
            onResponderGrant={[Function]}
            onResponderMove={[Function]}
            onResponderRelease={[Function]}
            onResponderTerminate={[Function]}
            onResponderTerminationRequest={[Function]}
            onStartShouldSetResponder={[Function]}
            style={
              Object {
                "alignItems": "center",
                "backgroundColor": "transparent",
                "borderBottomWidth": 1,
                "borderColor": "#D9D5DC",
                "borderLeftWidth": 0,
                "borderRadius": undefined,
                "borderRightWidth": 0,
                "borderTopWidth": 0,
                "borderWidth": undefined,
                "flexDirection": "row",
                "marginLeft": 2,
                "opacity": 1,
                "width": "100%",
              }
            }
          >
            <View
              style={
                Object {
                  "left": 0,
                  "opacity": 1,
                  "paddingBottom": undefined,
                  "paddingTop": undefined,
                  "position": "absolute",
                  "right": 0,
                  "top": 18,
                }
              }
            >
              <Text
                style={
                  Array [
                    Object {
                      "color": "#575757",
                      "fontSize": 17,
                      "paddingRight": 5,
                      "paddingTop": 5,
                    },
                    Object {
                      "color": "#08012a",
                    },
                  ]
                }
              >
                <Text
                  float={true}
                  style={
                    Array [
                      Object {
                        "fontSize": 17,
                      },
                      Object {
                        "color": "#08012a",
                        "fontSize": 15,
                        "lineHeight": 30,
                      },
                    ]
                  }
                >
                  Informe seu cpf ou cnpj
                </Text>
              </Text>
            </View>
            <TextInput
              allowFontScaling={true}
              editable={true}
              keyboardType="number-pad"
              onBlur={[Function]}
              onChangeText={[Function]}
              onFocus={[Function]}
              placeholder={null}
              placeholderTextColor="#575757"
              rejectResponderTermination={true}
              style={
                Array [
                  Object {
                    "color": "#000",
                    "flex": 1,
                    "fontSize": 17,
                    "height": 50,
                    "paddingBottom": 7,
                    "paddingLeft": 5,
                    "paddingRight": 5,
                    "paddingTop": 3,
                    "top": 8,
                  },
                  Object {
                    "color": "#08012a",
                  },
                ]
              }
              underlineColorAndroid="rgba(0,0,0,0)"
              value="dev"
            />
          </View>
        </View>
        <View
          style={
            Array [
              Object {},
              Object {
                "flexDirection": "row",
                "justifyContent": "space-between",
                "marginTop": 20,
              },
            ]
          }
        >
          <View
            accessible={true}
            focusable={false}
            forwardedRef={[Function]}
            onClick={[Function]}
            onResponderGrant={[Function]}
            onResponderMove={[Function]}
            onResponderRelease={[Function]}
            onResponderTerminate={[Function]}
            onResponderTerminationRequest={[Function]}
            onStartShouldSetResponder={[Function]}
            style={
              Object {
                "alignItems": "center",
                "backgroundColor": "transparent",
                "borderBottomWidth": 1,
                "borderColor": "#D9D5DC",
                "borderLeftWidth": 0,
                "borderRadius": undefined,
                "borderRightWidth": 0,
                "borderTopWidth": 0,
                "borderWidth": undefined,
                "flexDirection": "row",
                "marginLeft": 2,
                "opacity": 1,
                "width": "100%",
              }
            }
          >
            <View
              style={
                Object {
                  "left": 0,
                  "opacity": 1,
                  "paddingBottom": undefined,
                  "paddingTop": undefined,
                  "position": "absolute",
                  "right": 0,
                  "top": 18,
                }
              }
            >
              <Text
                style={
                  Array [
                    Object {
                      "color": "#575757",
                      "fontSize": 17,
                      "paddingRight": 5,
                      "paddingTop": 5,
                    },
                    Object {
                      "color": "#08012a",
                    },
                  ]
                }
              >
                <Text
                  float={true}
                  style={
                    Array [
                      Object {
                        "fontSize": 17,
                      },
                      Object {
                        "color": "#08012a",
                        "fontSize": 15,
                        "lineHeight": 30,
                      },
                    ]
                  }
                >
                  Senha
                </Text>
              </Text>
            </View>
            <TextInput
              allowFontScaling={true}
              editable={true}
              onBlur={[Function]}
              onChangeText={[Function]}
              onFocus={[Function]}
              onSubmitEditing={[Function]}
              placeholder={null}
              placeholderTextColor="#575757"
              rejectResponderTermination={true}
              secureTextEntry={true}
              style={
                Array [
                  Object {
                    "color": "#000",
                    "flex": 1,
                    "fontSize": 17,
                    "height": 50,
                    "paddingBottom": 7,
                    "paddingLeft": 5,
                    "paddingRight": 5,
                    "paddingTop": 3,
                    "top": 8,
                  },
                  Object {
                    "color": "#08012a",
                  },
                ]
              }
              underlineColorAndroid="rgba(0,0,0,0)"
              value="dev"
            />
          </View>
          <View
            accessible={true}
            focusable={true}
            forwardedRef={[Function]}
            onClick={[Function]}
            onResponderGrant={[Function]}
            onResponderMove={[Function]}
            onResponderRelease={[Function]}
            onResponderTerminate={[Function]}
            onResponderTerminationRequest={[Function]}
            onStartShouldSetResponder={[Function]}
            style={
              Object {
                "alignItems": "center",
                "alignSelf": "flex-start",
                "backgroundColor": "transparent",
                "borderBottomWidth": null,
                "borderColor": "#007aff",
                "borderLeftWidth": null,
                "borderRadius": 5,
                "borderRightWidth": null,
                "borderTopWidth": null,
                "borderWidth": undefined,
                "elevation": 0,
                "flexDirection": "row",
                "height": 45,
                "justifyContent": "space-between",
                "opacity": 1,
                "paddingBottom": 6,
                "paddingTop": 6,
                "position": "absolute",
                "right": 0,
                "shadowColor": null,
                "shadowOffset": null,
                "shadowOpacity": null,
                "shadowRadius": null,
              }
            }
          >
            <Text />
          </View>
        </View>
        <View
          style={
            Array [
              Object {},
              Object {
                "flexDirection": "row",
                "justifyContent": "space-between",
                "marginTop": 40,
              },
            ]
          }
        >
          <View
            accessible={true}
            focusable={true}
            onClick={[Function]}
            onResponderGrant={[Function]}
            onResponderMove={[Function]}
            onResponderRelease={[Function]}
            onResponderTerminate={[Function]}
            onResponderTerminationRequest={[Function]}
            onStartShouldSetResponder={[Function]}
            style={
              Object {
                "flex": 1,
                "opacity": 1,
              }
            }
          >
            <Text
              style={
                Object {
                  "color": "#08012a",
                  "fontSize": 12,
                  "textAlign": "left",
                }
              }
            >
              Primeiro acesso
            </Text>
          </View>
          <View
            accessible={true}
            focusable={true}
            onClick={[Function]}
            onResponderGrant={[Function]}
            onResponderMove={[Function]}
            onResponderRelease={[Function]}
            onResponderTerminate={[Function]}
            onResponderTerminationRequest={[Function]}
            onStartShouldSetResponder={[Function]}
            style={
              Object {
                "flex": 1,
                "opacity": 1,
              }
            }
          >
            <Text
              style={
                Object {
                  "color": "#08012a",
                  "fontSize": 12,
                  "textAlign": "right",
                }
              }
            >
              Esqueci minha senha
            </Text>
          </View>
        </View>
        <View
          accessible={true}
          focusable={true}
          forwardedRef={[Function]}
          onClick={[Function]}
          onResponderGrant={[Function]}
          onResponderMove={[Function]}
          onResponderRelease={[Function]}
          onResponderTerminate={[Function]}
          onResponderTerminationRequest={[Function]}
          onStartShouldSetResponder={[Function]}
          style={
            Object {
              "alignItems": "center",
              "alignSelf": "stretch",
              "backgroundColor": "#78d98a",
              "borderBottomWidth": null,
              "borderColor": "#007aff",
              "borderLeftWidth": null,
              "borderRadius": 0,
              "borderRightWidth": null,
              "borderTopWidth": null,
              "borderWidth": undefined,
              "elevation": 2,
              "flexDirection": "row",
              "height": 45,
              "justifyContent": "center",
              "marginTop": 20,
              "opacity": 1,
              "paddingBottom": 6,
              "paddingTop": 6,
              "shadowColor": undefined,
              "shadowOffset": undefined,
              "shadowOpacity": undefined,
              "shadowRadius": undefined,
            }
          }
          testID="btn-how-to-login"
        >
          <Text
            style={
              Object {
                "color": "#08012a",
                "fontSize": 20,
                "fontWeight": "bold",
              }
            }
          >
            ENTRAR
          </Text>
        </View>
      </View>
    </View>
  </View>
</View>
`;
